
> chess-clone@0.1.0 build
> next build

   โ–ฒ Next.js 15.3.3

   Creating an optimized production build ...
 โ“ Compiled successfully in 2000ms
   Linting and checking validity of types ...
node.exe : 
At 
E:\nodejs\npm.ps1:29 
char:3
+   & $NODE_EXE 
$NPM_CLI_JS $args
+   ~~~~~~~~~~~~~~~~~~~
~~~~~~~~~~
    + CategoryInfo     
         : NotSpecifi  
  ed: (:String) [],    
 RemoteException
    + FullyQualifiedEr 
   rorId : NativeComm  
  andError
 
Failed to compile.

./src/app/lib/socket.ts
15:21  Error: 
Unexpected any. 
Specify a different 
type.  @typescript-esli
nt/no-explicit-any
42:43  Error: 
Unexpected any. 
Specify a different 
type.  @typescript-esli
nt/no-explicit-any
63:37  Error: 
Unexpected any. 
Specify a different 
type.  @typescript-esli
nt/no-explicit-any

./src/app/login/page.ts
x
35:19  Error: 
Unexpected any. 
Specify a different 
type.  @typescript-esli
nt/no-explicit-any
47:19  Error: 
Unexpected any. 
Specify a different 
type.  @typescript-esli
nt/no-explicit-any
66:11  Warning: Using 
`<img>` could result 
in slower LCP and 
higher bandwidth. 
Consider using `<Image 
/>` from `next/image` 
or a custom image 
loader to 
automatically optimize 
images. This may incur 
additional usage or 
cost from your 
provider. See: https://
nextjs.org/docs/message
s/no-img-element  @next
/next/no-img-element

./src/app/page.tsx
35:14  Error: 'e' is 
defined but never 
used.  @typescript-esli
nt/no-unused-vars
35:17  Error: 
Unexpected any. 
Specify a different 
type.  @typescript-esli
nt/no-explicit-any
68:13  Warning: Using 
`<img>` could result 
in slower LCP and 
higher bandwidth. 
Consider using `<Image 
/>` from `next/image` 
or a custom image 
loader to 
automatically optimize 
images. This may incur 
additional usage or 
cost from your 
provider. See: https://
nextjs.org/docs/message
s/no-img-element  @next
/next/no-img-element

./src/app/room/[roomId]
/page.tsx
151:10  Error: 
'checkSide' is 
assigned a value but 
never used.  @typescrip
t-eslint/no-unused-vars
175:10  Error: 
'extraMove' is 
assigned a value but 
never used.  @typescrip
t-eslint/no-unused-vars
202:14  Error: 
Unexpected any. 
Specify a different 
type.  @typescript-esli
nt/no-explicit-any
247:18  Error: 
Unexpected any. 
Specify a different 
type.  @typescript-esli
nt/no-explicit-any
297:35  Error: 
Unexpected any. 
Specify a different 
type.  @typescript-esli
nt/no-explicit-any
306:60  Error: 
Unexpected any. 
Specify a different 
type.  @typescript-esli
nt/no-explicit-any
319:43  Error: 
Unexpected any. 
Specify a different 
type.  @typescript-esli
nt/no-explicit-any
329:39  Error: 
Unexpected any. 
Specify a different 
type.  @typescript-esli
nt/no-explicit-any
332:62  Error: 
Unexpected any. 
Specify a different 
type.  @typescript-esli
nt/no-explicit-any
343:41  Error: 
Unexpected any. 
Specify a different 
type.  @typescript-esli
nt/no-explicit-any
345:28  Error: 
Unexpected any. 
Specify a different 
type.  @typescript-esli
nt/no-explicit-any
351:34  Error: 
Unexpected any. 
Specify a different 
type.  @typescript-esli
nt/no-explicit-any
358:52  Error: 
Unexpected any. 
Specify a different 
type.  @typescript-esli
nt/no-explicit-any
470:56  Error: 
Unexpected any. 
Specify a different 
type.  @typescript-esli
nt/no-explicit-any
478:50  Error: 
Unexpected any. 
Specify a different 
type.  @typescript-esli
nt/no-explicit-any
498:9  Error: 'fenNow' 
is never reassigned. 
Use 'const' instead.  
prefer-const
508:32  Error: 
Unexpected any. 
Specify a different 
type.  @typescript-esli
nt/no-explicit-any
514:20  Error: 
Unexpected any. 
Specify a different 
type.  @typescript-esli
nt/no-explicit-any
518:13  Error: 
Unexpected any. 
Specify a different 
type.  @typescript-esli
nt/no-explicit-any
547:13  Error: 
Unexpected any. 
Specify a different 
type.  @typescript-esli
nt/no-explicit-any
570:13  Error: 
Unexpected any. 
Specify a different 
type.  @typescript-esli
nt/no-explicit-any
665:9  Error: 
'renderCancelBtn' is 
assigned a value but 
never used.  @typescrip
t-eslint/no-unused-vars
671:9  Error: 
'renderConfirmBtn' is 
assigned a value but 
never used.  @typescrip
t-eslint/no-unused-vars
683:14  Error: 
Unexpected any. 
Specify a different 
type.  @typescript-esli
nt/no-explicit-any
683:50  Error: 
Unexpected any. 
Specify a different 
type.  @typescript-esli
nt/no-explicit-any
702:14  Error: 
Unexpected any. 
Specify a different 
type.  @typescript-esli
nt/no-explicit-any
702:50  Error: 
Unexpected any. 
Specify a different 
type.  @typescript-esli
nt/no-explicit-any
719:14  Error: 
Unexpected any. 
Specify a different 
type.  @typescript-esli
nt/no-explicit-any
719:50  Error: 
Unexpected any. 
Specify a different 
type.  @typescript-esli
nt/no-explicit-any
737:14  Error: 
Unexpected any. 
Specify a different 
type.  @typescript-esli
nt/no-explicit-any
737:50  Error: 
Unexpected any. 
Specify a different 
type.  @typescript-esli
nt/no-explicit-any
765:14  Error: 
Unexpected any. 
Specify a different 
type.  @typescript-esli
nt/no-explicit-any
765:50  Error: 
Unexpected any. 
Specify a different 
type.  @typescript-esli
nt/no-explicit-any
817:44  Error: 
Unexpected any. 
Specify a different 
type.  @typescript-esli
nt/no-explicit-any
888:31  Error: 
Unexpected any. 
Specify a different 
type.  @typescript-esli
nt/no-explicit-any
928:13  Error: 
'fenNow' is never 
reassigned. Use 
'const' instead.  
prefer-const
938:89  Error: 
Unexpected any. 
Specify a different 
type.  @typescript-esli
nt/no-explicit-any
941:30  Error: 
Unexpected any. 
Specify a different 
type.  @typescript-esli
nt/no-explicit-any
992:17  Warning: Using 
`<img>` could result 
in slower LCP and 
higher bandwidth. 
Consider using `<Image 
/>` from `next/image` 
or a custom image 
loader to 
automatically optimize 
images. This may incur 
additional usage or 
cost from your 
provider. See: https://
nextjs.org/docs/message
s/no-img-element  @next
/next/no-img-element
1084:30  Error: 
Unexpected any. 
Specify a different 
type.  @typescript-esli
nt/no-explicit-any
1084:66  Error: 
Unexpected any. 
Specify a different 
type.  @typescript-esli
nt/no-explicit-any
1176:19  Warning: 
Using `<img>` could 
result in slower LCP 
and higher bandwidth. 
Consider using `<Image 
/>` from `next/image` 
or a custom image 
loader to 
automatically optimize 
images. This may incur 
additional usage or 
cost from your 
provider. See: https://
nextjs.org/docs/message
s/no-img-element  @next
/next/no-img-element

info  - Need to 
disable some ESLint 
rules? Learn more 
here: https://nextjs.or
g/docs/app/api-referenc
e/config/eslint#disabli
ng-rules
